// Jest Snapshot v1, https://goo.gl/fbAQLP

exports[`DiseaseDetector component should render nothing 1`] = `""`;
